Archive member included because of file (symbol)

C:\marmalade\7.1\s3e\edk\lib\android/libedk.a(edk_helpers.o)
                              release\IsChartboost_platform.os (s3eEdkThreadRunOnOS)

Discarded input sections

 .text          0x00000000       0x14 C:/Program Files (x86)/Android SDK/android-ndk-r9/platforms/android-9/arch-arm/usr/lib/crtbegin_so.o
 .bss           0x00000000        0x0 C:/Program Files (x86)/Android SDK/android-ndk-r9/platforms/android-9/arch-arm/usr/lib/crtbegin_so.o
 .note.GNU-stack
                0x00000000        0x0 C:/Program Files (x86)/Android SDK/android-ndk-r9/platforms/android-9/arch-arm/usr/lib/crtbegin_so.o
 .group         0x00000000        0x8 release\IsChartboost_platform.os
 .group         0x00000000        0x8 release\IsChartboost_platform.os
 .text          0x00000000        0x0 release\IsChartboost_platform.os
 .note.GNU-stack
                0x00000000        0x0 release\IsChartboost_platform.os
 .text          0x00000000        0x0 release\IsChartboost.os
 .note.GNU-stack
                0x00000000        0x0 release\IsChartboost.os
 .text          0x00000000        0x0 release\IsChartboost_register.os
 .data          0x00000000        0x0 release\IsChartboost_register.os
 .bss           0x00000000        0x0 release\IsChartboost_register.os
 .text._Z23IsChartboostRegisterExtv
                0x00000000      0x124 release\IsChartboost_register.os
 .note.GNU-stack
                0x00000000        0x0 release\IsChartboost_register.os
 .text          0x00000000        0x0 C:\marmalade\7.1\s3e\edk\lib\android/libedk.a(edk_helpers.o)
 .data          0x00000000        0x0 C:\marmalade\7.1\s3e\edk\lib\android/libedk.a(edk_helpers.o)
 .bss           0x00000000        0x0 C:\marmalade\7.1\s3e\edk\lib\android/libedk.a(edk_helpers.o)
 .text.s3eEdkThreadRunOnOSAsync
                0x00000000       0x30 C:\marmalade\7.1\s3e\edk\lib\android/libedk.a(edk_helpers.o)
 .text.s3eEdkErrorSetString
                0x00000000       0x30 C:\marmalade\7.1\s3e\edk\lib\android/libedk.a(edk_helpers.o)
 .note.GNU-stack
                0x00000000        0x0 C:\marmalade\7.1\s3e\edk\lib\android/libedk.a(edk_helpers.o)
 .text          0x00000000        0x0 C:/Program Files (x86)/Android SDK/android-ndk-r9/platforms/android-9/arch-arm/usr/lib/crtend_so.o
 .data          0x00000000        0x0 C:/Program Files (x86)/Android SDK/android-ndk-r9/platforms/android-9/arch-arm/usr/lib/crtend_so.o
 .bss           0x00000000        0x0 C:/Program Files (x86)/Android SDK/android-ndk-r9/platforms/android-9/arch-arm/usr/lib/crtend_so.o
 .note.GNU-stack
                0x00000000        0x0 C:/Program Files (x86)/Android SDK/android-ndk-r9/platforms/android-9/arch-arm/usr/lib/crtend_so.o

Memory map

 ** file header
                0x00000000       0x34
 ** segment headers
                0x00000034       0xe0

.interp         0x00000114       0x13
 ** fill        0x00000114       0x13

.dynsym         0x00000128      0x130
 ** dynsym      0x00000128      0x130

.dynstr         0x00000258      0x17b
 ** string table
                0x00000258      0x17b

.hash           0x000003d4       0x98
 ** hash        0x000003d4       0x98

.rel.dyn        0x0000046c       0xb8
 ** dynamic relocs
                0x0000046c       0xb8

.rel.plt        0x00000524       0x58
 ** dynamic relocs
                0x00000524       0x58

.plt            0x0000057c       0x98
 ** PLT         0x0000057c       0x98

.text           0x00000614     0x1078
 .text.exit     0x00000614       0x10 C:/Program Files (x86)/Android SDK/android-ndk-r9/platforms/android-9/arch-arm/usr/lib/crtbegin_so.o
                0x00000614                __on_dlclose
 .text._Z27IsChartboostRequestCallbackP7_JNIEnvP8_jobjecti
                0x00000624       0x48 release\IsChartboost_platform.os
                0x00000624                IsChartboostRequestCallback(_JNIEnv*, _jobject*, int)
 .text._Z28IsChartboostAdClosedCallbackP7_JNIEnvP8_jobjecti
                0x0000066c       0x4c release\IsChartboost_platform.os
                0x0000066c                IsChartboostAdClosedCallback(_JNIEnv*, _jobject*, int)
 .text._Z38IsChartboostAdDismissedRequestCallbackP7_JNIEnvP8_jobjecti
                0x000006b8       0x4c release\IsChartboost_platform.os
                0x000006b8                IsChartboostAdDismissedRequestCallback(_JNIEnv*, _jobject*, int)
 .text._Z36IsChartboostAdClickedRequestCallbackP7_JNIEnvP8_jobjecti
                0x00000704       0x4c release\IsChartboost_platform.os
                0x00000704                IsChartboostAdClickedRequestCallback(_JNIEnv*, _jobject*, int)
 .text._ZL27s3eEdkAndroidFindClass_realPKc
                0x00000750       0xb8 release\IsChartboost_platform.os
 .text._ZN7_JNIEnv9NewObjectEP7_jclassP10_jmethodIDz
                0x00000808       0x38 release\IsChartboost_platform.os
                0x00000808                _JNIEnv::NewObject(_jclass*, _jmethodID*, ...)
 .text._ZN7_JNIEnv14CallVoidMethodEP8_jobjectP10_jmethodIDz
                0x00000840       0x38 release\IsChartboost_platform.os
                0x00000840                _JNIEnv::CallVoidMethod(_jobject*, _jmethodID*, ...)
 .text._Z25IsChartboostInit_platformv
                0x00000878      0x340 release\IsChartboost_platform.os
                0x00000878                IsChartboostInit_platform()
 .text._Z30IsChartboostTerminate_platformv
                0x00000bb8       0x34 release\IsChartboost_platform.os
                0x00000bb8                IsChartboostTerminate_platform()
 .text._Z29IsChartboostSetAppID_platformPKc
                0x00000bec       0x88 release\IsChartboost_platform.os
                0x00000bec                IsChartboostSetAppID_platform(char const*)
 .text._Z36IsChartboostSetAppSignature_platformPKc
                0x00000c74       0x88 release\IsChartboost_platform.os
                0x00000c74                IsChartboostSetAppSignature_platform(char const*)
 .text._Z33IsChartboostStartSession_platformv
                0x00000cfc       0x50 release\IsChartboost_platform.os
                0x00000cfc                IsChartboostStartSession_platform()
 .text._Z30IsChartboostRequestAd_platformv
                0x00000d4c       0x50 release\IsChartboost_platform.os
                0x00000d4c                IsChartboostRequestAd_platform()
 .text._Z38IsChartboostCacheInterstitial_platformPKc
                0x00000d9c       0x88 release\IsChartboost_platform.os
                0x00000d9c                IsChartboostCacheInterstitial_platform(char const*)
 .text._Z37IsChartboostShowInterstitial_platformPKc
                0x00000e24       0x88 release\IsChartboost_platform.os
                0x00000e24                IsChartboostShowInterstitial_platform(char const*)
 .text._Z34IsChartboostCacheMoreApps_platformv
                0x00000eac       0x50 release\IsChartboost_platform.os
                0x00000eac                IsChartboostCacheMoreApps_platform()
 .text._Z33IsChartboostShowMoreApps_platformv
                0x00000efc       0x50 release\IsChartboost_platform.os
                0x00000efc                IsChartboostShowMoreApps_platform()
 .text._Z16IsChartboostInitv
                0x00000f4c      0x198 release\IsChartboost.os
                0x00000f4c                IsChartboostInit()
 .text._Z21IsChartboostTerminatev
                0x000010e4        0x4 release\IsChartboost.os
                0x000010e4                IsChartboostTerminate()
 .text.IsChartboostSetAppID
                0x000010e8       0x60 release\IsChartboost.os
                0x000010e8                IsChartboostSetAppID
 .text.IsChartboostSetAppSignature
                0x00001148       0x60 release\IsChartboost.os
                0x00001148                IsChartboostSetAppSignature
 .text.IsChartboostStartSession
                0x000011a8       0x58 release\IsChartboost.os
                0x000011a8                IsChartboostStartSession
 .text.IsChartboostRequestAd
                0x00001200       0x58 release\IsChartboost.os
                0x00001200                IsChartboostRequestAd
 .text.IsChartboostCacheInterstitial
                0x00001258       0x60 release\IsChartboost.os
                0x00001258                IsChartboostCacheInterstitial
 .text.IsChartboostShowInterstitial
                0x000012b8       0x60 release\IsChartboost.os
                0x000012b8                IsChartboostShowInterstitial
 .text.IsChartboostCacheMoreApps
                0x00001318       0x58 release\IsChartboost.os
                0x00001318                IsChartboostCacheMoreApps
 .text.IsChartboostShowMoreApps
                0x00001370       0x58 release\IsChartboost.os
                0x00001370                IsChartboostShowMoreApps
 .text.IsChartboostRegister
                0x000013c8       0x30 release\IsChartboost_register.os
                0x000013c8                IsChartboostRegister
 .text.IsChartboostUnRegister
                0x000013f8       0x30 release\IsChartboost_register.os
                0x000013f8                IsChartboostUnRegister
 .text._ZL29IsChartboostShowMoreApps_wrapv
                0x00001428       0x20 release\IsChartboost_register.os
 .text._ZL30IsChartboostCacheMoreApps_wrapv
                0x00001448       0x20 release\IsChartboost_register.os
 .text._ZL33IsChartboostShowInterstitial_wrapPKc
                0x00001468       0x24 release\IsChartboost_register.os
 .text._ZL34IsChartboostCacheInterstitial_wrapPKc
                0x0000148c       0x24 release\IsChartboost_register.os
 .text._ZL26IsChartboostRequestAd_wrapv
                0x000014b0       0x20 release\IsChartboost_register.os
 .text._ZL29IsChartboostStartSession_wrapv
                0x000014d0       0x20 release\IsChartboost_register.os
 .text._ZL32IsChartboostSetAppSignature_wrapPKc
                0x000014f0       0x24 release\IsChartboost_register.os
 .text._ZL25IsChartboostSetAppID_wrapPKc
                0x00001514       0x24 release\IsChartboost_register.os
 .text.RegisterExt
                0x00001538      0x124 release\IsChartboost_register.os
                0x00001538                RegisterExt
 .text.s3eEdkThreadRunOnOS
                0xffffffffffffffff       0x30 C:\marmalade\7.1\s3e\edk\lib\android/libedk.a(edk_helpers.o)
                0x0000165c                s3eEdkThreadRunOnOS

.rodata         0x0000168c      0x245
 ** merge strings
                0x0000168c      0x245

.fini_array     0x00002eb4        0x8
 .fini_array    0x00002eb4        0x4 C:/Program Files (x86)/Android SDK/android-ndk-r9/platforms/android-9/arch-arm/usr/lib/crtbegin_so.o
 .fini_array    0x00002eb8        0x4 C:/Program Files (x86)/Android SDK/android-ndk-r9/platforms/android-9/arch-arm/usr/lib/crtend_so.o

.init_array     0x00002ebc        0x4
 .init_array    0x00002ebc        0x4 C:/Program Files (x86)/Android SDK/android-ndk-r9/platforms/android-9/arch-arm/usr/lib/crtend_so.o

.dynamic        0x00002ec0       0xe0
 ** dynamic     0x00002ec0       0xe0

.got            0x00002fa0       0x60
 ** GOT         0x00002fa0       0x28
 ** GOT PLT     0x00002fc8       0x38

.data           0x00003000       0x38
 .data          0x00003000        0x4 C:/Program Files (x86)/Android SDK/android-ndk-r9/platforms/android-9/arch-arm/usr/lib/crtbegin_so.o
                0x00003000                __dso_handle
 .data          0x00003004       0x30 release\IsChartboost_platform.os
 .data          0x00003034        0x4 release\IsChartboost.os

.bss            0x00003038       0x34
 .bss           0x00003038       0x30 release\IsChartboost_platform.os
                0x00003060                signature_jstr
                0x00003064                app_id
                0x00003038                g_Result
 .bss           0x00003068        0x4 release\IsChartboost.os
