Archive member included because of file (symbol)

C:\marmalade\7.1\s3e\edk\lib\android/libedk.a(IwDebug.o)
                              debug\IsChartboost_platform.os (IwDebugTraceSetTraceChannel)
C:\marmalade\7.1\s3e\edk\lib\android/libedk.a(edk_helpers.o)
                              debug\IsChartboost_platform.os (s3eEdkThreadRunOnOS)
c:/program files (x86)/android sdk/android-ndk-r9/toolchains/arm-linux-androideabi-4.8/prebuilt/windows/bin/../lib/gcc/arm-linux-androideabi/4.8/libgcc.a(_aeabi_ldivmod.o)
                              C:\marmalade\7.1\s3e\edk\lib\android/libedk.a(IwDebug.o) (__aeabi_ldivmod)
c:/program files (x86)/android sdk/android-ndk-r9/toolchains/arm-linux-androideabi-4.8/prebuilt/windows/bin/../lib/gcc/arm-linux-androideabi/4.8/libgcc.a(_dvmd_lnx.o)
                              c:/program files (x86)/android sdk/android-ndk-r9/toolchains/arm-linux-androideabi-4.8/prebuilt/windows/bin/../lib/gcc/arm-linux-androideabi/4.8/libgcc.a(_aeabi_ldivmod.o) (__aeabi_ldiv0)
c:/program files (x86)/android sdk/android-ndk-r9/toolchains/arm-linux-androideabi-4.8/prebuilt/windows/bin/../lib/gcc/arm-linux-androideabi/4.8/libgcc.a(bpabi.o)
                              c:/program files (x86)/android sdk/android-ndk-r9/toolchains/arm-linux-androideabi-4.8/prebuilt/windows/bin/../lib/gcc/arm-linux-androideabi/4.8/libgcc.a(_aeabi_ldivmod.o) (__gnu_ldivmod_helper)
c:/program files (x86)/android sdk/android-ndk-r9/toolchains/arm-linux-androideabi-4.8/prebuilt/windows/bin/../lib/gcc/arm-linux-androideabi/4.8/libgcc.a(_divdi3.o)
                              c:/program files (x86)/android sdk/android-ndk-r9/toolchains/arm-linux-androideabi-4.8/prebuilt/windows/bin/../lib/gcc/arm-linux-androideabi/4.8/libgcc.a(bpabi.o) (__divdi3)
c:/program files (x86)/android sdk/android-ndk-r9/toolchains/arm-linux-androideabi-4.8/prebuilt/windows/bin/../lib/gcc/arm-linux-androideabi/4.8/libgcc.a(_udivdi3.o)
                              c:/program files (x86)/android sdk/android-ndk-r9/toolchains/arm-linux-androideabi-4.8/prebuilt/windows/bin/../lib/gcc/arm-linux-androideabi/4.8/libgcc.a(bpabi.o) (__udivdi3)
c:/program files (x86)/android sdk/android-ndk-r9/toolchains/arm-linux-androideabi-4.8/prebuilt/windows/bin/../lib/gcc/arm-linux-androideabi/4.8/libgcc.a(_udivsi3.o)
                              c:/program files (x86)/android sdk/android-ndk-r9/toolchains/arm-linux-androideabi-4.8/prebuilt/windows/bin/../lib/gcc/arm-linux-androideabi/4.8/libgcc.a(_divdi3.o) (__aeabi_uidiv)

Discarded input sections

 .text          0x00000000       0x14 C:/Program Files (x86)/Android SDK/android-ndk-r9/platforms/android-9/arch-arm/usr/lib/crtbegin_so.o
 .bss           0x00000000        0x0 C:/Program Files (x86)/Android SDK/android-ndk-r9/platforms/android-9/arch-arm/usr/lib/crtbegin_so.o
 .note.GNU-stack
                0x00000000        0x0 C:/Program Files (x86)/Android SDK/android-ndk-r9/platforms/android-9/arch-arm/usr/lib/crtbegin_so.o
 .group         0x00000000        0x8 debug\IsChartboost_platform.os
 .group         0x00000000        0x8 debug\IsChartboost_platform.os
 .group         0x00000000        0x8 debug\IsChartboost_platform.os
 .group         0x00000000        0x8 debug\IsChartboost_platform.os
 .group         0x00000000        0x8 debug\IsChartboost_platform.os
 .group         0x00000000        0x8 debug\IsChartboost_platform.os
 .group         0x00000000        0x8 debug\IsChartboost_platform.os
 .group         0x00000000        0x8 debug\IsChartboost_platform.os
 .group         0x00000000        0x8 debug\IsChartboost_platform.os
 .group         0x00000000        0x8 debug\IsChartboost_platform.os
 .group         0x00000000        0x8 debug\IsChartboost_platform.os
 .group         0x00000000        0x8 debug\IsChartboost_platform.os
 .group         0x00000000        0x8 debug\IsChartboost_platform.os
 .text          0x00000000        0x0 debug\IsChartboost_platform.os
 .note.GNU-stack
                0x00000000        0x0 debug\IsChartboost_platform.os
 .text          0x00000000        0x0 debug\IsChartboost.os
 .note.GNU-stack
                0x00000000        0x0 debug\IsChartboost.os
 .text          0x00000000        0x0 debug\IsChartboost_register.os
 .data          0x00000000        0x0 debug\IsChartboost_register.os
 .bss           0x00000000        0x0 debug\IsChartboost_register.os
 .note.GNU-stack
                0x00000000        0x0 debug\IsChartboost_register.os
 .text          0x00000000        0x0 C:\marmalade\7.1\s3e\edk\lib\android/libedk.a(IwDebug.o)
 .data          0x00000000        0x0 C:\marmalade\7.1\s3e\edk\lib\android/libedk.a(IwDebug.o)
 .text.IwAssertRegisterTextCallback
                0x00000000       0x1c C:\marmalade\7.1\s3e\edk\lib\android/libedk.a(IwDebug.o)
 .text.IwAssertRegisterCallback
                0x00000000       0x1c C:\marmalade\7.1\s3e\edk\lib\android/libedk.a(IwDebug.o)
 .text.IwDebugErrorRegisterCallback
                0x00000000       0x1c C:\marmalade\7.1\s3e\edk\lib\android/libedk.a(IwDebug.o)
 .text.IwDebugAssertSetUID
                0x00000000       0x14 C:\marmalade\7.1\s3e\edk\lib\android/libedk.a(IwDebug.o)
 .text.IwDebugClearConfigCache
                0x00000000       0x80 C:\marmalade\7.1\s3e\edk\lib\android/libedk.a(IwDebug.o)
 .text.IwDebugErrorShow
                0x00000000       0xec C:\marmalade\7.1\s3e\edk\lib\android/libedk.a(IwDebug.o)
 .text.IwDebugTraceLineVPrintf
                0x00000000       0xfc C:\marmalade\7.1\s3e\edk\lib\android/libedk.a(IwDebug.o)
 .text.IwDebugAssertIsChannelOn
                0x00000000      0x204 C:\marmalade\7.1\s3e\edk\lib\android/libedk.a(IwDebug.o)
 .text.IwDebugTraceDisable
                0x00000000       0x10 C:\marmalade\7.1\s3e\edk\lib\android/libedk.a(IwDebug.o)
 .text.IwDebugAssertSetMessage
                0x00000000       0xfc C:\marmalade\7.1\s3e\edk\lib\android/libedk.a(IwDebug.o)
 .text.IwDebugAssertSetSolution
                0x00000000       0xa0 C:\marmalade\7.1\s3e\edk\lib\android/libedk.a(IwDebug.o)
 .text.IwDebugAssertShow
                0x00000000      0x2d0 C:\marmalade\7.1\s3e\edk\lib\android/libedk.a(IwDebug.o)
 .text.IwDebugTraceChannelSwitch
                0x00000000      0x4c4 C:\marmalade\7.1\s3e\edk\lib\android/libedk.a(IwDebug.o)
 .note.GNU-stack
                0x00000000        0x0 C:\marmalade\7.1\s3e\edk\lib\android/libedk.a(IwDebug.o)
 .text          0x00000000        0x0 C:\marmalade\7.1\s3e\edk\lib\android/libedk.a(edk_helpers.o)
 .data          0x00000000        0x0 C:\marmalade\7.1\s3e\edk\lib\android/libedk.a(edk_helpers.o)
 .bss           0x00000000        0x0 C:\marmalade\7.1\s3e\edk\lib\android/libedk.a(edk_helpers.o)
 .text.s3eEdkThreadRunOnOSAsync
                0x00000000       0x30 C:\marmalade\7.1\s3e\edk\lib\android/libedk.a(edk_helpers.o)
 .text.s3eEdkErrorSetString
                0x00000000       0x30 C:\marmalade\7.1\s3e\edk\lib\android/libedk.a(edk_helpers.o)
 .note.GNU-stack
                0x00000000        0x0 C:\marmalade\7.1\s3e\edk\lib\android/libedk.a(edk_helpers.o)
 .data          0x00000000        0x0 c:/program files (x86)/android sdk/android-ndk-r9/toolchains/arm-linux-androideabi-4.8/prebuilt/windows/bin/../lib/gcc/arm-linux-androideabi/4.8/libgcc.a(_aeabi_ldivmod.o)
 .bss           0x00000000        0x0 c:/program files (x86)/android sdk/android-ndk-r9/toolchains/arm-linux-androideabi-4.8/prebuilt/windows/bin/../lib/gcc/arm-linux-androideabi/4.8/libgcc.a(_aeabi_ldivmod.o)
 .note.GNU-stack
                0x00000000        0x0 c:/program files (x86)/android sdk/android-ndk-r9/toolchains/arm-linux-androideabi-4.8/prebuilt/windows/bin/../lib/gcc/arm-linux-androideabi/4.8/libgcc.a(_aeabi_ldivmod.o)
 .data          0x00000000        0x0 c:/program files (x86)/android sdk/android-ndk-r9/toolchains/arm-linux-androideabi-4.8/prebuilt/windows/bin/../lib/gcc/arm-linux-androideabi/4.8/libgcc.a(_dvmd_lnx.o)
 .bss           0x00000000        0x0 c:/program files (x86)/android sdk/android-ndk-r9/toolchains/arm-linux-androideabi-4.8/prebuilt/windows/bin/../lib/gcc/arm-linux-androideabi/4.8/libgcc.a(_dvmd_lnx.o)
 .note.GNU-stack
                0x00000000        0x0 c:/program files (x86)/android sdk/android-ndk-r9/toolchains/arm-linux-androideabi-4.8/prebuilt/windows/bin/../lib/gcc/arm-linux-androideabi/4.8/libgcc.a(_dvmd_lnx.o)
 .data          0x00000000        0x0 c:/program files (x86)/android sdk/android-ndk-r9/toolchains/arm-linux-androideabi-4.8/prebuilt/windows/bin/../lib/gcc/arm-linux-androideabi/4.8/libgcc.a(bpabi.o)
 .bss           0x00000000        0x0 c:/program files (x86)/android sdk/android-ndk-r9/toolchains/arm-linux-androideabi-4.8/prebuilt/windows/bin/../lib/gcc/arm-linux-androideabi/4.8/libgcc.a(bpabi.o)
 .note.GNU-stack
                0x00000000        0x0 c:/program files (x86)/android sdk/android-ndk-r9/toolchains/arm-linux-androideabi-4.8/prebuilt/windows/bin/../lib/gcc/arm-linux-androideabi/4.8/libgcc.a(bpabi.o)
 .data          0x00000000        0x0 c:/program files (x86)/android sdk/android-ndk-r9/toolchains/arm-linux-androideabi-4.8/prebuilt/windows/bin/../lib/gcc/arm-linux-androideabi/4.8/libgcc.a(_divdi3.o)
 .bss           0x00000000        0x0 c:/program files (x86)/android sdk/android-ndk-r9/toolchains/arm-linux-androideabi-4.8/prebuilt/windows/bin/../lib/gcc/arm-linux-androideabi/4.8/libgcc.a(_divdi3.o)
 .ARM.extab     0x00000000        0x0 c:/program files (x86)/android sdk/android-ndk-r9/toolchains/arm-linux-androideabi-4.8/prebuilt/windows/bin/../lib/gcc/arm-linux-androideabi/4.8/libgcc.a(_divdi3.o)
 .note.GNU-stack
                0x00000000        0x0 c:/program files (x86)/android sdk/android-ndk-r9/toolchains/arm-linux-androideabi-4.8/prebuilt/windows/bin/../lib/gcc/arm-linux-androideabi/4.8/libgcc.a(_divdi3.o)
 .data          0x00000000        0x0 c:/program files (x86)/android sdk/android-ndk-r9/toolchains/arm-linux-androideabi-4.8/prebuilt/windows/bin/../lib/gcc/arm-linux-androideabi/4.8/libgcc.a(_udivdi3.o)
 .bss           0x00000000        0x0 c:/program files (x86)/android sdk/android-ndk-r9/toolchains/arm-linux-androideabi-4.8/prebuilt/windows/bin/../lib/gcc/arm-linux-androideabi/4.8/libgcc.a(_udivdi3.o)
 .ARM.extab     0x00000000        0x0 c:/program files (x86)/android sdk/android-ndk-r9/toolchains/arm-linux-androideabi-4.8/prebuilt/windows/bin/../lib/gcc/arm-linux-androideabi/4.8/libgcc.a(_udivdi3.o)
 .note.GNU-stack
                0x00000000        0x0 c:/program files (x86)/android sdk/android-ndk-r9/toolchains/arm-linux-androideabi-4.8/prebuilt/windows/bin/../lib/gcc/arm-linux-androideabi/4.8/libgcc.a(_udivdi3.o)
 .data          0x00000000        0x0 c:/program files (x86)/android sdk/android-ndk-r9/toolchains/arm-linux-androideabi-4.8/prebuilt/windows/bin/../lib/gcc/arm-linux-androideabi/4.8/libgcc.a(_udivsi3.o)
 .bss           0x00000000        0x0 c:/program files (x86)/android sdk/android-ndk-r9/toolchains/arm-linux-androideabi-4.8/prebuilt/windows/bin/../lib/gcc/arm-linux-androideabi/4.8/libgcc.a(_udivsi3.o)
 .note.GNU-stack
                0x00000000        0x0 c:/program files (x86)/android sdk/android-ndk-r9/toolchains/arm-linux-androideabi-4.8/prebuilt/windows/bin/../lib/gcc/arm-linux-androideabi/4.8/libgcc.a(_udivsi3.o)
 .text          0x00000000        0x0 C:/Program Files (x86)/Android SDK/android-ndk-r9/platforms/android-9/arch-arm/usr/lib/crtend_so.o
 .data          0x00000000        0x0 C:/Program Files (x86)/Android SDK/android-ndk-r9/platforms/android-9/arch-arm/usr/lib/crtend_so.o
 .bss           0x00000000        0x0 C:/Program Files (x86)/Android SDK/android-ndk-r9/platforms/android-9/arch-arm/usr/lib/crtend_so.o
 .note.GNU-stack
                0x00000000        0x0 C:/Program Files (x86)/Android SDK/android-ndk-r9/platforms/android-9/arch-arm/usr/lib/crtend_so.o

Memory map

 ** file header
                0x00000000       0x34
 ** segment headers
                0x00000034      0x100

.interp         0x00000134       0x13
 ** fill        0x00000134       0x13

.dynsym         0x00000148      0x2e0
 ** dynsym      0x00000148      0x2e0

.dynstr         0x00000428      0x2d4
 ** string table
                0x00000428      0x2d4

.hash           0x000006fc      0x154
 ** hash        0x000006fc      0x154

.rel.dyn        0x00000850       0xc0
 ** dynamic relocs
                0x00000850       0xc0

.rel.plt        0x00000910       0xa8
 ** dynamic relocs
                0x00000910       0xa8

.plt            0x000009b8      0x110
 ** PLT         0x000009b8      0x110

.text           0x00000ac8     0x2848
 .text.exit     0x00000ac8       0x10 C:/Program Files (x86)/Android SDK/android-ndk-r9/platforms/android-9/arch-arm/usr/lib/crtbegin_so.o
                0x00000ac8                __on_dlclose
 .text._ZN7_JNIEnv9FindClassEPKc
                0x00000ad8       0x38 debug\IsChartboost_platform.os
                0x00000ad8                _JNIEnv::FindClass(char const*)
 .text._ZN7_JNIEnv17ExceptionOccurredEv
                0x00000b10       0x30 debug\IsChartboost_platform.os
                0x00000b10                _JNIEnv::ExceptionOccurred()
 .text._ZN7_JNIEnv17ExceptionDescribeEv
                0x00000b40       0x28 debug\IsChartboost_platform.os
                0x00000b40                _JNIEnv::ExceptionDescribe()
 .text._ZN7_JNIEnv14ExceptionClearEv
                0x00000b68       0x28 debug\IsChartboost_platform.os
                0x00000b68                _JNIEnv::ExceptionClear()
 .text._ZN7_JNIEnv12NewGlobalRefEP8_jobject
                0x00000b90       0x38 debug\IsChartboost_platform.os
                0x00000b90                _JNIEnv::NewGlobalRef(_jobject*)
 .text._ZN7_JNIEnv15DeleteGlobalRefEP8_jobject
                0x00000bc8       0x30 debug\IsChartboost_platform.os
                0x00000bc8                _JNIEnv::DeleteGlobalRef(_jobject*)
 .text._ZN7_JNIEnv14DeleteLocalRefEP8_jobject
                0x00000bf8       0x30 debug\IsChartboost_platform.os
                0x00000bf8                _JNIEnv::DeleteLocalRef(_jobject*)
 .text._ZN7_JNIEnv9NewObjectEP7_jclassP10_jmethodIDz
                0x00000c28       0x58 debug\IsChartboost_platform.os
                0x00000c28                _JNIEnv::NewObject(_jclass*, _jmethodID*, ...)
 .text._ZN7_JNIEnv11GetMethodIDEP7_jclassPKcS3_
                0x00000c80       0x48 debug\IsChartboost_platform.os
                0x00000c80                _JNIEnv::GetMethodID(_jclass*, char const*, char const*)
 .text._ZN7_JNIEnv14CallVoidMethodEP8_jobjectP10_jmethodIDz
                0x00000cc8       0x4c debug\IsChartboost_platform.os
                0x00000cc8                _JNIEnv::CallVoidMethod(_jobject*, _jmethodID*, ...)
 .text._ZN7_JNIEnv12NewStringUTFEPKc
                0x00000d14       0x38 debug\IsChartboost_platform.os
                0x00000d14                _JNIEnv::NewStringUTF(char const*)
 .text._ZN7_JNIEnv15RegisterNativesEP7_jclassPK15JNINativeMethodi
                0x00000d4c       0x48 debug\IsChartboost_platform.os
                0x00000d4c                _JNIEnv::RegisterNatives(_jclass*, JNINativeMethod const*, int)
 .text._ZN7_JavaVM6GetEnvEPPvi
                0x00000d94       0x40 debug\IsChartboost_platform.os
                0x00000d94                _JavaVM::GetEnv(void**, int)
 .text._ZL15s3eEdkJNIGetEnvv
                0x00000dd4       0x40 debug\IsChartboost_platform.os
 .text._ZL27s3eEdkAndroidFindClass_realPKc
                0x00000e14       0x8c debug\IsChartboost_platform.os
 .text._ZL22s3eEdkAndroidFindClassPKc
                0x00000ea0       0x38 debug\IsChartboost_platform.os
 .text._Z27IsChartboostRequestCallbackP7_JNIEnvP8_jobjecti
                0x00000ed8       0xe0 debug\IsChartboost_platform.os
                0x00000ed8                IsChartboostRequestCallback(_JNIEnv*, _jobject*, int)
 .text._Z28IsChartboostAdClosedCallbackP7_JNIEnvP8_jobjecti
                0x00000fb8       0xe0 debug\IsChartboost_platform.os
                0x00000fb8                IsChartboostAdClosedCallback(_JNIEnv*, _jobject*, int)
 .text._Z38IsChartboostAdDismissedRequestCallbackP7_JNIEnvP8_jobjecti
                0x00001098       0xe0 debug\IsChartboost_platform.os
                0x00001098                IsChartboostAdDismissedRequestCallback(_JNIEnv*, _jobject*, int)
 .text._Z36IsChartboostAdClickedRequestCallbackP7_JNIEnvP8_jobjecti
                0x00001178       0xe0 debug\IsChartboost_platform.os
                0x00001178                IsChartboostAdClickedRequestCallback(_JNIEnv*, _jobject*, int)
 .text._Z25IsChartboostInit_platformv
                0x00001258      0x50c debug\IsChartboost_platform.os
                0x00001258                IsChartboostInit_platform()
 .text._Z30IsChartboostTerminate_platformv
                0x00001764       0x18 debug\IsChartboost_platform.os
                0x00001764                IsChartboostTerminate_platform()
 .text._Z29IsChartboostSetAppID_platformPKc
                0x0000177c       0x6c debug\IsChartboost_platform.os
                0x0000177c                IsChartboostSetAppID_platform(char const*)
 .text._Z36IsChartboostSetAppSignature_platformPKc
                0x000017e8       0x6c debug\IsChartboost_platform.os
                0x000017e8                IsChartboostSetAppSignature_platform(char const*)
 .text._Z33IsChartboostStartSession_platformv
                0x00001854       0x48 debug\IsChartboost_platform.os
                0x00001854                IsChartboostStartSession_platform()
 .text._Z30IsChartboostRequestAd_platformv
                0x0000189c       0x48 debug\IsChartboost_platform.os
                0x0000189c                IsChartboostRequestAd_platform()
 .text._Z38IsChartboostCacheInterstitial_platformPKc
                0x000018e4       0x6c debug\IsChartboost_platform.os
                0x000018e4                IsChartboostCacheInterstitial_platform(char const*)
 .text._Z37IsChartboostShowInterstitial_platformPKc
                0x00001950       0x6c debug\IsChartboost_platform.os
                0x00001950                IsChartboostShowInterstitial_platform(char const*)
 .text._Z34IsChartboostCacheMoreApps_platformv
                0x000019bc       0x48 debug\IsChartboost_platform.os
                0x000019bc                IsChartboostCacheMoreApps_platform()
 .text._Z33IsChartboostShowMoreApps_platformv
                0x00001a04       0x48 debug\IsChartboost_platform.os
                0x00001a04                IsChartboostShowMoreApps_platform()
 .text._ZN12_GLOBAL__N_110IsDisabledEv
                0x00001a4c       0x94 debug\IsChartboost.os
 .text._Z16IsChartboostInitv
                0x00001ae0      0x15c debug\IsChartboost.os
                0x00001ae0                IsChartboostInit()
 .text._Z21IsChartboostTerminatev
                0x00001c3c        0xc debug\IsChartboost.os
                0x00001c3c                IsChartboostTerminate()
 .text.IsChartboostSetAppID
                0x00001c48       0x30 debug\IsChartboost.os
                0x00001c48                IsChartboostSetAppID
 .text.IsChartboostSetAppSignature
                0x00001c78       0x30 debug\IsChartboost.os
                0x00001c78                IsChartboostSetAppSignature
 .text.IsChartboostStartSession
                0x00001ca8       0x20 debug\IsChartboost.os
                0x00001ca8                IsChartboostStartSession
 .text.IsChartboostRequestAd
                0x00001cc8       0x20 debug\IsChartboost.os
                0x00001cc8                IsChartboostRequestAd
 .text.IsChartboostCacheInterstitial
                0x00001ce8       0x30 debug\IsChartboost.os
                0x00001ce8                IsChartboostCacheInterstitial
 .text.IsChartboostShowInterstitial
                0x00001d18       0x30 debug\IsChartboost.os
                0x00001d18                IsChartboostShowInterstitial
 .text.IsChartboostCacheMoreApps
                0x00001d48       0x20 debug\IsChartboost.os
                0x00001d48                IsChartboostCacheMoreApps
 .text.IsChartboostShowMoreApps
                0x00001d68       0x20 debug\IsChartboost.os
                0x00001d68                IsChartboostShowMoreApps
 .text._ZL25IsChartboostSetAppID_wrapPKc
                0x00001d88       0x98 debug\IsChartboost_register.os
 .text._ZL32IsChartboostSetAppSignature_wrapPKc
                0x00001e20       0x98 debug\IsChartboost_register.os
 .text._ZL29IsChartboostStartSession_wrapv
                0x00001eb8       0x88 debug\IsChartboost_register.os
 .text._ZL26IsChartboostRequestAd_wrapv
                0x00001f40       0x88 debug\IsChartboost_register.os
 .text._ZL34IsChartboostCacheInterstitial_wrapPKc
                0x00001fc8       0x98 debug\IsChartboost_register.os
 .text._ZL33IsChartboostShowInterstitial_wrapPKc
                0x00002060       0x98 debug\IsChartboost_register.os
 .text._ZL30IsChartboostCacheMoreApps_wrapv
                0x000020f8       0x88 debug\IsChartboost_register.os
 .text._ZL29IsChartboostShowMoreApps_wrapv
                0x00002180       0x88 debug\IsChartboost_register.os
 .text.IsChartboostRegister
                0x00002208       0x50 debug\IsChartboost_register.os
                0x00002208                IsChartboostRegister
 .text.IsChartboostUnRegister
                0x00002258       0x44 debug\IsChartboost_register.os
                0x00002258                IsChartboostUnRegister
 .text._Z23IsChartboostRegisterExtv
                0x0000229c      0x184 debug\IsChartboost_register.os
                0x0000229c                IsChartboostRegisterExt()
 .text.RegisterExt
                0x00002420        0xc debug\IsChartboost_register.os
                0x00002420                RegisterExt
 .text.IwDebugTraceSetTraceChannel
                0x0000242c       0x1c C:\marmalade\7.1\s3e\edk\lib\android/libedk.a(IwDebug.o)
                0x0000242c                IwDebugTraceSetTraceChannel
 .text._GLOBAL__I_Y__sdk_modules_iwcore_source_IwDebug.cpp
                0x00002448       0xa4 C:\marmalade\7.1\s3e\edk\lib\android/libedk.a(IwDebug.o)
 .text.IwDebugTraceIsChannelOn
                0x000024ec      0x2b8 C:\marmalade\7.1\s3e\edk\lib\android/libedk.a(IwDebug.o)
                0x000024ec                IwDebugTraceIsChannelOn
 .text.IwDebugTraceLinePrintf
                0x000027a4      0x10c C:\marmalade\7.1\s3e\edk\lib\android/libedk.a(IwDebug.o)
                0x000027a4                IwDebugTraceLinePrintf
 .text.s3eEdkThreadRunOnOS
                0x000028b0       0x30 C:\marmalade\7.1\s3e\edk\lib\android/libedk.a(edk_helpers.o)
                0x000028b0                s3eEdkThreadRunOnOS
 .text          0x000028e0       0x44 c:/program files (x86)/android sdk/android-ndk-r9/toolchains/arm-linux-androideabi-4.8/prebuilt/windows/bin/../lib/gcc/arm-linux-androideabi/4.8/libgcc.a(_aeabi_ldivmod.o)
                0x000028e0                __aeabi_ldivmod
 .text          0x00002924       0x10 c:/program files (x86)/android sdk/android-ndk-r9/toolchains/arm-linux-androideabi-4.8/prebuilt/windows/bin/../lib/gcc/arm-linux-androideabi/4.8/libgcc.a(_dvmd_lnx.o)
                0x00002924                __aeabi_idiv0
                0x00002924                __aeabi_ldiv0
 .text          0x00002934       0x78 c:/program files (x86)/android sdk/android-ndk-r9/toolchains/arm-linux-androideabi-4.8/prebuilt/windows/bin/../lib/gcc/arm-linux-androideabi/4.8/libgcc.a(bpabi.o)
                0x00002934                __gnu_ldivmod_helper
                0x00002970                __gnu_uldivmod_helper
 .text          0x000029ac      0x498 c:/program files (x86)/android sdk/android-ndk-r9/toolchains/arm-linux-androideabi-4.8/prebuilt/windows/bin/../lib/gcc/arm-linux-androideabi/4.8/libgcc.a(_divdi3.o)
                0x000029ac                __divdi3
 .text          0x00002e44      0x404 c:/program files (x86)/android sdk/android-ndk-r9/toolchains/arm-linux-androideabi-4.8/prebuilt/windows/bin/../lib/gcc/arm-linux-androideabi/4.8/libgcc.a(_udivdi3.o)
                0x00002e44                __udivdi3
 .text          0xffffffffffffffff       0xc8 c:/program files (x86)/android sdk/android-ndk-r9/toolchains/arm-linux-androideabi-4.8/prebuilt/windows/bin/../lib/gcc/arm-linux-androideabi/4.8/libgcc.a(_udivsi3.o)
                0x00003248                __udivsi3
                0x00003248                __aeabi_uidiv
                0x000032f0                __aeabi_uidivmod

.rodata         0x00003310      0x694
 .rodata        0x00003310      0x2c8 debug\IsChartboost_platform.os
 .rodata        0x000035d8       0x64 debug\IsChartboost.os
 .rodata        0x0000363c      0x24c debug\IsChartboost_register.os
 ** merge strings
                0x00003888      0x11c

.ARM.exidx      0x000039a4        0x8
 .ARM.exidx     0x000039a4        0x8 c:/program files (x86)/android sdk/android-ndk-r9/toolchains/arm-linux-androideabi-4.8/prebuilt/windows/bin/../lib/gcc/arm-linux-androideabi/4.8/libgcc.a(_divdi3.o)

.fini_array     0x00004e88        0x8
 .fini_array    0x00004e88        0x4 C:/Program Files (x86)/Android SDK/android-ndk-r9/platforms/android-9/arch-arm/usr/lib/crtbegin_so.o
 .fini_array    0x00004e8c        0x4 C:/Program Files (x86)/Android SDK/android-ndk-r9/platforms/android-9/arch-arm/usr/lib/crtend_so.o

.init_array     0x00004e90        0x8
 .init_array    0x00004e90        0x4 C:\marmalade\7.1\s3e\edk\lib\android/libedk.a(IwDebug.o)
 .init_array    0x00004e94        0x4 C:/Program Files (x86)/Android SDK/android-ndk-r9/platforms/android-9/arch-arm/usr/lib/crtend_so.o

.dynamic        0x00004e98       0xe0
 ** dynamic     0x00004e98       0xe0

.got            0x00004f78       0x88
 ** GOT         0x00004f78       0x28
 ** GOT PLT     0x00004fa0       0x60

.data           0x00005000       0x38
 .data          0x00005000        0x4 C:/Program Files (x86)/Android SDK/android-ndk-r9/platforms/android-9/arch-arm/usr/lib/crtbegin_so.o
                0x00005000                __dso_handle
 .data          0x00005004       0x30 debug\IsChartboost_platform.os
 .data          0x00005034        0x4 debug\IsChartboost.os

.bss            0x00005038     0x1a5c
 .bss           0x00005038       0x30 debug\IsChartboost_platform.os
                0x00005038                g_Result
                0x0000503c                app_id
                0x00005040                signature_jstr
 .bss           0x00005068        0x4 debug\IsChartboost.os
 .bss           0x0000506c     0x1a28 C:\marmalade\7.1\s3e\edk\lib\android/libedk.a(IwDebug.o)
                0x0000506c                g_DebugGlobals
